###############################################################################
#                                                                             #
# IAR C/C++ Compiler V8.10.1.40194/W32 for 8051         13/Mar/2026  10:11:39 #
# Copyright 2004-2011 IAR Systems AB.                                         #
#                                                                             #
#    Core               =  plain                                              #
#    Code model         =  banked                                             #
#    Data model         =  large                                              #
#    Calling convention =  xdata reentrant                                    #
#    Constant location  =  data_rom                                           #
#    Dptr setup         =  1,16                                               #
#    Source file        =  D:\ZStack-2.5.1a.1\ZStack-2.5.1a\Projects\zstack\S #
#                          amples\SampleApp\Source\DHT11.c                    #
#    Command line       =  -f D:\ZStack-2.5.1a.1\ZStack-2.5.1a\Projects\zstac #
#                          k\Samples\SampleApp\CC2530DB\..\..\..\Tools\CC2530 #
#                          DB\f8wEndev.cfg (-DCPU32MHZ -DROOT=__near_func     #
#                          -DMAC_CFG_TX_DATA_MAX=3 -DMAC_CFG_TX_MAX=6         #
#                          -DMAC_CFG_RX_MAX=3) -f D:\ZStack-2.5.1a.1\ZStack-2 #
#                          .5.1a\Projects\zstack\Samples\SampleApp\CC2530DB\. #
#                          .\..\..\Tools\CC2530DB\f8wConfig.cfg (-DZIGBEEPRO  #
#                          -DSECURE=0 -DZG_SECURE_DYNAMIC=0 -DREFLECTOR       #
#                          -DDEFAULT_CHANLIST=0x00000800                      #
#                          -DZDAPP_CONFIG_PAN_ID=0xFFF1                       #
#                          -DNWK_START_DELAY=100 -DEXTENDED_JOINING_RANDOM_MA #
#                          SK=0x007F -DBEACON_REQUEST_DELAY=100               #
#                          -DBEACON_REQ_DELAY_MASK=0x00FF                     #
#                          -DLINK_STATUS_JITTER_MASK=0x007F                   #
#                          -DROUTE_EXPIRY_TIME=30 -DAPSC_ACK_WAIT_DURATION_PO #
#                          LLED=3000 -DNWK_INDIRECT_MSG_TIMEOUT=7             #
#                          -DMAX_RREQ_ENTRIES=8 -DAPSC_MAX_FRAME_RETRIES=3    #
#                          -DNWK_MAX_DATA_RETRIES=2                           #
#                          -DMAX_POLL_FAILURE_RETRIES=2 -DMAX_BCAST=9         #
#                          -DAPS_MAX_GROUPS=16 -DMAX_RTG_ENTRIES=40           #
#                          -DNWK_MAX_BINDING_ENTRIES=4                        #
#                          -DMAX_BINDING_CLUSTER_IDS=4 "-DDEFAULT_KEY={0x01,  #
#                          0x03, 0x05, 0x07, 0x09, 0x0B, 0x0D, 0x0F, 0x00,    #
#                          0x02, 0x04, 0x06, 0x08, 0x0A, 0x0C, 0x0D}"         #
#                          -DMAC_MAX_FRAME_SIZE=116                           #
#                          -DZDNWKMGR_MIN_TRANSMISSIONS=20 "-DCONST=const     #
#                          __code" -DGENERIC=__generic                        #
#                          -DRFD_RCVC_ALWAYS_ON=FALSE -DPOLL_RATE=1000        #
#                          -DQUEUED_POLL_RATE=100 -DRESPONSE_POLL_RATE=100)   #
#                          -DREJOIN_POLL_RATE=440 D:\ZStack-2.5.1a.1\ZStack-2 #
#                          .5.1a\Projects\zstack\Samples\SampleApp\Source\DHT #
#                          11.c -D NWK_AUTO_POLL -D ZTOOL_P1 -D MT_TASK -D    #
#                          MT_SYS_FUNC -D MT_ZDO_FUNC -D LCD_SUPPORTED=DEBUG  #
#                          -lC D:\ZStack-2.5.1a.1\ZStack-2.5.1a\Projects\zsta #
#                          ck\Samples\SampleApp\CC2530DB\EndDeviceEB\List\    #
#                          -lA D:\ZStack-2.5.1a.1\ZStack-2.5.1a\Projects\zsta #
#                          ck\Samples\SampleApp\CC2530DB\EndDeviceEB\List\    #
#                          --diag_suppress Pe001,Pa010 -o                     #
#                          D:\ZStack-2.5.1a.1\ZStack-2.5.1a\Projects\zstack\S #
#                          amples\SampleApp\CC2530DB\EndDeviceEB\Obj\ -e      #
#                          --no_code_motion --debug --core=plain --dptr=16,1  #
#                          --data_model=large --code_model=banked             #
#                          --calling_convention=xdata_reentrant               #
#                          --place_constants=data_rom --nr_virtual_regs 16    #
#                          -I D:\ZStack-2.5.1a.1\ZStack-2.5.1a\Projects\zstac #
#                          k\Samples\SampleApp\CC2530DB\ -I                   #
#                          D:\ZStack-2.5.1a.1\ZStack-2.5.1a\Projects\zstack\S #
#                          amples\SampleApp\CC2530DB\..\Source\ -I            #
#                          D:\ZStack-2.5.1a.1\ZStack-2.5.1a\Projects\zstack\S #
#                          amples\SampleApp\CC2530DB\..\..\..\ZMain\TI2530DB\ #
#                           -I D:\ZStack-2.5.1a.1\ZStack-2.5.1a\Projects\zsta #
#                          ck\Samples\SampleApp\CC2530DB\..\..\..\..\..\Compo #
#                          nents\hal\include\ -I D:\ZStack-2.5.1a.1\ZStack-2. #
#                          5.1a\Projects\zstack\Samples\SampleApp\CC2530DB\.. #
#                          \..\..\..\..\Components\hal\target\CC2530EB\ -I    #
#                          D:\ZStack-2.5.1a.1\ZStack-2.5.1a\Projects\zstack\S #
#                          amples\SampleApp\CC2530DB\..\..\..\..\..\Component #
#                          s\mac\include\ -I D:\ZStack-2.5.1a.1\ZStack-2.5.1a #
#                          \Projects\zstack\Samples\SampleApp\CC2530DB\..\..\ #
#                          ..\..\..\Components\mac\high_level\ -I             #
#                          D:\ZStack-2.5.1a.1\ZStack-2.5.1a\Projects\zstack\S #
#                          amples\SampleApp\CC2530DB\..\..\..\..\..\Component #
#                          s\mac\low_level\srf04\ -I                          #
#                          D:\ZStack-2.5.1a.1\ZStack-2.5.1a\Projects\zstack\S #
#                          amples\SampleApp\CC2530DB\..\..\..\..\..\Component #
#                          s\mac\low_level\srf04\single_chip\ -I              #
#                          D:\ZStack-2.5.1a.1\ZStack-2.5.1a\Projects\zstack\S #
#                          amples\SampleApp\CC2530DB\..\..\..\..\..\Component #
#                          s\mt\ -I D:\ZStack-2.5.1a.1\ZStack-2.5.1a\Projects #
#                          \zstack\Samples\SampleApp\CC2530DB\..\..\..\..\..\ #
#                          Components\osal\include\ -I                        #
#                          D:\ZStack-2.5.1a.1\ZStack-2.5.1a\Projects\zstack\S #
#                          amples\SampleApp\CC2530DB\..\..\..\..\..\Component #
#                          s\services\saddr\ -I D:\ZStack-2.5.1a.1\ZStack-2.5 #
#                          .1a\Projects\zstack\Samples\SampleApp\CC2530DB\..\ #
#                          ..\..\..\..\Components\services\sdata\ -I          #
#                          D:\ZStack-2.5.1a.1\ZStack-2.5.1a\Projects\zstack\S #
#                          amples\SampleApp\CC2530DB\..\..\..\..\..\Component #
#                          s\stack\af\ -I D:\ZStack-2.5.1a.1\ZStack-2.5.1a\Pr #
#                          ojects\zstack\Samples\SampleApp\CC2530DB\..\..\..\ #
#                          ..\..\Components\stack\nwk\ -I                     #
#                          D:\ZStack-2.5.1a.1\ZStack-2.5.1a\Projects\zstack\S #
#                          amples\SampleApp\CC2530DB\..\..\..\..\..\Component #
#                          s\stack\sapi\ -I D:\ZStack-2.5.1a.1\ZStack-2.5.1a\ #
#                          Projects\zstack\Samples\SampleApp\CC2530DB\..\..\. #
#                          .\..\..\Components\stack\sec\ -I                   #
#                          D:\ZStack-2.5.1a.1\ZStack-2.5.1a\Projects\zstack\S #
#                          amples\SampleApp\CC2530DB\..\..\..\..\..\Component #
#                          s\stack\sys\ -I D:\ZStack-2.5.1a.1\ZStack-2.5.1a\P #
#                          rojects\zstack\Samples\SampleApp\CC2530DB\..\..\.. #
#                          \..\..\Components\stack\zdo\ -I                    #
#                          D:\ZStack-2.5.1a.1\ZStack-2.5.1a\Projects\zstack\S #
#                          amples\SampleApp\CC2530DB\..\..\..\..\..\Component #
#                          s\zmac\ -I D:\ZStack-2.5.1a.1\ZStack-2.5.1a\Projec #
#                          ts\zstack\Samples\SampleApp\CC2530DB\..\..\..\..\. #
#                          .\Components\zmac\f8w\ -Ohz                        #
#    List file          =  D:\ZStack-2.5.1a.1\ZStack-2.5.1a\Projects\zstack\S #
#                          amples\SampleApp\CC2530DB\EndDeviceEB\List\DHT11.l #
#                          st                                                 #
#    Object file        =  D:\ZStack-2.5.1a.1\ZStack-2.5.1a\Projects\zstack\S #
#                          amples\SampleApp\CC2530DB\EndDeviceEB\Obj\DHT11.r5 #
#                          1                                                  #
#                                                                             #
#                                                                             #
###############################################################################

D:\ZStack-2.5.1a.1\ZStack-2.5.1a\Projects\zstack\Samples\SampleApp\Source\DHT11.c
      1          #include <ioCC2530.h>

   \                                 In  segment SFR_AN, at 0x80
   \   union <unnamed> volatile __sfr _A_P0
   \                     _A_P0:
   \   000000                DS 1

   \                                 In  segment SFR_AN, at 0xfd
   \   unsigned char volatile __sfr P0DIR
   \                     P0DIR:
   \   000000                DS 1
      2          #include "OnBoard.h"
      3          #include "DHT11.h"
      4          
      5          // 全局变量

   \                                 In  segment XDATA_Z, align 1, keep-with-next
      6          uchar ucharFLAG,uchartemp,shidu,wendu;
   \                     ucharFLAG:
   \   000000                DS 1
   \   000001                REQUIRE __INIT_XDATA_Z

   \                                 In  segment XDATA_Z, align 1, keep-with-next
   \                     uchartemp:
   \   000000                DS 1
   \   000001                REQUIRE __INIT_XDATA_Z

   \                                 In  segment XDATA_Z, align 1, keep-with-next
   \                     shidu:
   \   000000                DS 1
   \   000001                REQUIRE __INIT_XDATA_Z

   \                                 In  segment XDATA_Z, align 1, keep-with-next
   \                     wendu:
   \   000000                DS 1
   \   000001                REQUIRE __INIT_XDATA_Z

   \                                 In  segment XDATA_Z, align 1, keep-with-next
      7          uchar ucharT_data_H,ucharT_data_L,ucharRH_data_H,ucharRH_data_L,ucharcheckdata;
   \                     ucharT_data_H:
   \   000000                DS 1
   \   000001                REQUIRE __INIT_XDATA_Z

   \                                 In  segment XDATA_Z, align 1, keep-with-next
   \                     ucharT_data_L:
   \   000000                DS 1
   \   000001                REQUIRE __INIT_XDATA_Z

   \                                 In  segment XDATA_Z, align 1, keep-with-next
   \                     ucharRH_data_H:
   \   000000                DS 1
   \   000001                REQUIRE __INIT_XDATA_Z

   \                                 In  segment XDATA_Z, align 1, keep-with-next
   \                     ucharRH_data_L:
   \   000000                DS 1
   \   000001                REQUIRE __INIT_XDATA_Z

   \                                 In  segment XDATA_Z, align 1, keep-with-next
   \                     ucharcheckdata:
   \   000000                DS 1
   \   000001                REQUIRE __INIT_XDATA_Z

   \                                 In  segment XDATA_Z, align 1, keep-with-next
      8          uchar ucharT_data_H_temp,ucharT_data_L_temp,ucharRH_data_H_temp,ucharRH_data_L_temp,ucharcheckdata_temp;
   \                     ucharT_data_H_temp:
   \   000000                DS 1
   \   000001                REQUIRE __INIT_XDATA_Z

   \                                 In  segment XDATA_Z, align 1, keep-with-next
   \                     ucharT_data_L_temp:
   \   000000                DS 1
   \   000001                REQUIRE __INIT_XDATA_Z

   \                                 In  segment XDATA_Z, align 1, keep-with-next
   \                     ucharRH_data_H_temp:
   \   000000                DS 1
   \   000001                REQUIRE __INIT_XDATA_Z

   \                                 In  segment XDATA_Z, align 1, keep-with-next
   \                     ucharRH_data_L_temp:
   \   000000                DS 1
   \   000001                REQUIRE __INIT_XDATA_Z

   \                                 In  segment XDATA_Z, align 1, keep-with-next
   \                     ucharcheckdata_temp:
   \   000000                DS 1
   \   000001                REQUIRE __INIT_XDATA_Z

   \                                 In  segment XDATA_Z, align 1, keep-with-next
      9          uchar ucharcomdata;
   \                     ucharcomdata:
   \   000000                DS 1
   \   000001                REQUIRE __INIT_XDATA_Z
     10          

   \                                 In  segment BANKED_CODE, align 1, keep-with-next
     11          void Delay_us(void) { MicroWait(1); }
   \                     Delay_us:
   \   000000   C082         PUSH    DPL
   \   000002   C083         PUSH    DPH
   \   000004                ; Saved register size: 2
   \   000004                ; Auto size: 0
   \   000004                ; Setup parameters for call to function Onboard_wait
   \   000004   7A01         MOV     R2,#0x1
   \   000006                REQUIRE ?Subroutine0
   \   000006                ; // Fall through to label ?Subroutine0

   \                                 In  segment BANKED_CODE, align 1, keep-with-next
   \                     ?Subroutine0:
   \   000000   7B00         MOV     R3,#0x0
   \   000002   12....       LCALL   ??Onboard_wait?relay
   \   000005                REQUIRE ??Subroutine5_0
   \   000005                ; // Fall through to label ??Subroutine5_0

   \                                 In  segment BANKED_CODE, align 1, keep-with-next
   \                     ??Subroutine5_0:
   \   000000   D083         POP     DPH
   \   000002   D082         POP     DPL
   \   000004   02....       LJMP    ?BRET

   \                                 In  segment BANKED_CODE, align 1, keep-with-next
     12          void Delay_10us(void) { MicroWait(10); }
   \                     Delay_10us:
   \   000000   C082         PUSH    DPL
   \   000002   C083         PUSH    DPH
   \   000004                ; Saved register size: 2
   \   000004                ; Auto size: 0
   \   000004                ; Setup parameters for call to function Onboard_wait
   \   000004   7A0A         MOV     R2,#0xa
   \   000006   80..         SJMP    ?Subroutine0
     13          

   \                                 In  segment BANKED_CODE, align 1, keep-with-next
     14          void Delay_ms(unsigned int Time)
   \                     Delay_ms:
     15          {
   \   000000   74F7         MOV     A,#-0x9
   \   000002   12....       LCALL   ?BANKED_ENTER_XDATA
   \   000005                ; Saved register size: 9
   \   000005                ; Auto size: 0
   \   000005   EA           MOV     A,R2
   \   000006   FE           MOV     R6,A
   \   000007   EB           MOV     A,R3
   \   000008   FF           MOV     R7,A
     16              unsigned char i;
     17              while(Time--)
   \                     ??Delay_ms_0:
   \   000009   EE           MOV     A,R6
   \   00000A   F8           MOV     R0,A
   \   00000B   EF           MOV     A,R7
   \   00000C   F9           MOV     R1,A
   \   00000D   E8           MOV     A,R0
   \   00000E   24FF         ADD     A,#-0x1
   \   000010   1E           DEC     R6
   \   000011   E9           MOV     A,R1
   \   000012   34FF         ADDC    A,#-0x1
   \   000014   FF           MOV     R7,A
   \   000015   E8           MOV     A,R0
   \   000016   49           ORL     A,R1
   \   000017   6012         JZ      ??Delay_ms_1
     18                  for(i=0;i<100;i++) Delay_10us();
   \   000019   75..64       MOV     ?V0 + 0,#0x64
   \                     ??Delay_ms_2:
   \   00001C                ; Setup parameters for call to function Onboard_wait
   \   00001C   7A0A         MOV     R2,#0xa
   \   00001E   7B00         MOV     R3,#0x0
   \   000020   12....       LCALL   ??Onboard_wait?relay
   \   000023   15..         DEC     ?V0 + 0
   \   000025   E5..         MOV     A,?V0 + 0
   \   000027   60E0         JZ      ??Delay_ms_0
   \   000029   80F1         SJMP    ??Delay_ms_2
     19          }
   \                     ??Delay_ms_1:
   \   00002B                REQUIRE ?Subroutine1
   \   00002B                ; // Fall through to label ?Subroutine1

   \                                 In  segment BANKED_CODE, align 1, keep-with-next
   \                     ?Subroutine1:
   \   000000   7F01         MOV     R7,#0x1
   \   000002   02....       LJMP    ?BANKED_LEAVE_XDATA
     20          

   \                                 In  segment BANKED_CODE, align 1, keep-with-next
     21          void COM(void)
   \                     COM:
     22          {
   \   000000   74F7         MOV     A,#-0x9
   \   000002   12....       LCALL   ?BANKED_ENTER_XDATA
   \   000005                ; Saved register size: 9
   \   000005                ; Auto size: 0
     23              uchar i;
     24              for(i=0;i<8;i++)
   \   000005   7E08         MOV     R6,#0x8
     25              {
     26                  ucharFLAG=2;
   \                     ??COM_0:
   \   000007   90....       MOV     DPTR,#ucharFLAG
   \   00000A   7402         MOV     A,#0x2
   \   00000C   F0           MOVX    @DPTR,A
     27                  while((!DATA_PIN)&&ucharFLAG++);
   \                     ??COM_1:
   \   00000D   A287         MOV     C,0x80.7
   \   00000F   4005         JC      ??COM_2
   \   000011   12....       LCALL   ?Subroutine4 & 0xFFFF
   \                     ??CrossCallReturnLabel_2:
   \   000014   70F7         JNZ     ??COM_1
     28                  Delay_10us(); Delay_10us(); Delay_10us();
   \                     ??COM_2:
   \   000016                ; Setup parameters for call to function Onboard_wait
   \   000016   12....       LCALL   ?Subroutine3 & 0xFFFF
     29                  uchartemp=0;
   \                     ??CrossCallReturnLabel_0:
   \   000019   90....       MOV     DPTR,#uchartemp
   \   00001C   E4           CLR     A
   \   00001D   F0           MOVX    @DPTR,A
     30                  if(DATA_PIN) uchartemp=1;
   \   00001E   A287         MOV     C,0x80.7
   \   000020   5002         JNC     ??COM_3
   \   000022   04           INC     A
   \   000023   F0           MOVX    @DPTR,A
     31                  ucharFLAG=2;
   \                     ??COM_3:
   \   000024   90....       MOV     DPTR,#ucharFLAG
   \   000027   7402         MOV     A,#0x2
   \   000029   F0           MOVX    @DPTR,A
     32                  while((DATA_PIN)&&ucharFLAG++);
   \                     ??COM_4:
   \   00002A   A287         MOV     C,0x80.7
   \   00002C   5005         JNC     ??COM_5
   \   00002E   12....       LCALL   ?Subroutine4 & 0xFFFF
   \                     ??CrossCallReturnLabel_3:
   \   000031   70F7         JNZ     ??COM_4
     33                  if(ucharFLAG==1) break;
   \                     ??COM_5:
   \   000033   E0           MOVX    A,@DPTR
   \   000034   6401         XRL     A,#0x1
   \   000036   601B         JZ      ??COM_6
     34                  ucharcomdata<<=1;
     35                  ucharcomdata|=uchartemp;
   \   000038   90....       MOV     DPTR,#uchartemp
   \   00003B   C082         PUSH    DPL
   \   00003D   90....       MOV     DPTR,#ucharcomdata
   \   000040   E0           MOVX    A,@DPTR
   \   000041   C3           CLR     C
   \   000042   33           RLC     A
   \   000043   7583..       MOV     DPH,#(uchartemp >> 8) & 0xff
   \   000046   D082         POP     DPL
   \   000048   F8           MOV     R0,A
   \   000049   E0           MOVX    A,@DPTR
   \   00004A   48           ORL     A,R0
   \   00004B   90....       MOV     DPTR,#ucharcomdata
   \   00004E   F0           MOVX    @DPTR,A
     36              }
   \   00004F   1E           DEC     R6
   \   000050   EE           MOV     A,R6
   \   000051   70B4         JNZ     ??COM_0
     37          }
   \                     ??COM_6:
   \   000053   80..         SJMP    ?Subroutine1
   \   000055                REQUIRE _A_P0

   \                                 In  segment BANKED_CODE, align 1, keep-with-next
   \                     ?Subroutine4:
   \   000000   E0           MOVX    A,@DPTR
   \   000001   F8           MOV     R0,A
   \   000002   7401         MOV     A,#0x1
   \   000004   28           ADD     A,R0
   \   000005   F0           MOVX    @DPTR,A
   \   000006   E8           MOV     A,R0
   \   000007   22           RET

   \                                 In  segment BANKED_CODE, align 1, keep-with-next
   \                     ?Subroutine3:
   \   000000   7A0A         MOV     R2,#0xa
   \   000002   7B00         MOV     R3,#0x0
   \   000004   12....       LCALL   ??Onboard_wait?relay
   \   000007                ; Setup parameters for call to function Onboard_wait
   \   000007                ; Setup parameters for call to function Onboard_wait
   \   000007   7A0A         MOV     R2,#0xa
   \   000009   7B00         MOV     R3,#0x0
   \   00000B   12....       LCALL   ??Onboard_wait?relay
   \   00000E                ; Setup parameters for call to function Onboard_wait
   \   00000E                ; Setup parameters for call to function Onboard_wait
   \   00000E   7A0A         MOV     R2,#0xa
   \   000010   7B00         MOV     R3,#0x0
   \   000012   12....       LCALL   ??Onboard_wait?relay
   \   000015   22           RET
     38          

   \                                 In  segment BANKED_CODE, align 1, keep-with-next
     39          void DHT11(void)
   \                     DHT11:
     40          {
   \   000000   C082         PUSH    DPL
   \   000002   C083         PUSH    DPH
   \   000004                ; Saved register size: 2
   \   000004                ; Auto size: 0
     41              DATA_PIN=0;
   \   000004   C287         CLR     0x80.7
     42              Delay_ms(19);
   \   000006                ; Setup parameters for call to function Delay_ms
   \   000006   7A13         MOV     R2,#0x13
   \   000008   7B00         MOV     R3,#0x0
   \   00000A   12....       LCALL   ??Delay_ms?relay
     43              DATA_PIN=1;
   \   00000D   D287         SETB    0x80.7
     44              DATA_PIN_INPUT;
   \   00000F   53FD7F       ANL     0xfd,#0x7f
     45              Delay_10us(); Delay_10us(); Delay_10us(); Delay_10us();
   \   000012                ; Setup parameters for call to function Onboard_wait
   \   000012   12....       LCALL   ?Subroutine3 & 0xFFFF
   \                     ??CrossCallReturnLabel_1:
   \   000015                ; Setup parameters for call to function Onboard_wait
   \   000015   7A0A         MOV     R2,#0xa
   \   000017   7B00         MOV     R3,#0x0
   \   000019   12....       LCALL   ??Onboard_wait?relay
     46              if(!DATA_PIN)
   \   00001C   A287         MOV     C,0x80.7
   \   00001E   5003         JNC     $+5
   \   000020   02....       LJMP    ??DHT11_0 & 0xFFFF
     47              {
     48                  ucharFLAG=2;
   \   000023   90....       MOV     DPTR,#ucharFLAG
   \   000026   7402         MOV     A,#0x2
   \   000028   F0           MOVX    @DPTR,A
     49                  while((!DATA_PIN)&&ucharFLAG++);
   \                     ??DHT11_1:
   \   000029   A287         MOV     C,0x80.7
   \   00002B   4005         JC      ??DHT11_2
   \   00002D   12....       LCALL   ?Subroutine4 & 0xFFFF
   \                     ??CrossCallReturnLabel_4:
   \   000030   70F7         JNZ     ??DHT11_1
     50                  ucharFLAG=2;
   \                     ??DHT11_2:
   \   000032   7402         MOV     A,#0x2
   \   000034   F0           MOVX    @DPTR,A
     51                  while((DATA_PIN)&&ucharFLAG++);
   \                     ??DHT11_3:
   \   000035   A287         MOV     C,0x80.7
   \   000037   5005         JNC     ??DHT11_4
   \   000039   12....       LCALL   ?Subroutine4 & 0xFFFF
   \                     ??CrossCallReturnLabel_5:
   \   00003C   70F7         JNZ     ??DHT11_3
     52                  COM(); ucharRH_data_H_temp=ucharcomdata;
   \                     ??DHT11_4:
   \   00003E                ; Setup parameters for call to function COM
   \   00003E   12....       LCALL   ??Subroutine6_0 & 0xFFFF
   \                     ??CrossCallReturnLabel_10:
   \   000041   90....       MOV     DPTR,#ucharRH_data_H_temp
   \   000044   12....       LCALL   ?Subroutine2 & 0xFFFF
     53                  COM(); ucharRH_data_L_temp=ucharcomdata;
   \                     ??CrossCallReturnLabel_6:
   \   000047   90....       MOV     DPTR,#ucharRH_data_L_temp
   \   00004A   12....       LCALL   ?Subroutine2 & 0xFFFF
     54                  COM(); ucharT_data_H_temp=ucharcomdata;
   \                     ??CrossCallReturnLabel_7:
   \   00004D   90....       MOV     DPTR,#ucharT_data_H_temp
   \   000050   12....       LCALL   ?Subroutine2 & 0xFFFF
     55                  COM(); ucharT_data_L_temp=ucharcomdata;
   \                     ??CrossCallReturnLabel_8:
   \   000053   90....       MOV     DPTR,#ucharT_data_L_temp
   \   000056   12....       LCALL   ?Subroutine2 & 0xFFFF
     56                  COM(); ucharcheckdata_temp=ucharcomdata;
   \                     ??CrossCallReturnLabel_9:
   \   000059   90....       MOV     DPTR,#ucharcheckdata_temp
   \   00005C   F0           MOVX    @DPTR,A
     57                  DATA_PIN=1;
   \   00005D   D287         SETB    0x80.7
     58                  uchartemp=(ucharT_data_H_temp+ucharT_data_L_temp+ucharRH_data_H_temp+ucharRH_data_L_temp);
   \   00005F   90....       MOV     DPTR,#ucharRH_data_L_temp
   \   000062   C082         PUSH    DPL
   \   000064   C083         PUSH    DPH
   \   000066   90....       MOV     DPTR,#ucharRH_data_H_temp
   \   000069   C082         PUSH    DPL
   \   00006B   C083         PUSH    DPH
   \   00006D   90....       MOV     DPTR,#ucharT_data_L_temp
   \   000070   C082         PUSH    DPL
   \   000072   90....       MOV     DPTR,#ucharT_data_H_temp
   \   000075   E0           MOVX    A,@DPTR
   \   000076   7583..       MOV     DPH,#(ucharT_data_L_temp >> 8) & 0xff
   \   000079   D082         POP     DPL
   \   00007B   F8           MOV     R0,A
   \   00007C   E0           MOVX    A,@DPTR
   \   00007D   28           ADD     A,R0
   \   00007E   D083         POP     DPH
   \   000080   D082         POP     DPL
   \   000082   F8           MOV     R0,A
   \   000083   E0           MOVX    A,@DPTR
   \   000084   28           ADD     A,R0
   \   000085   D083         POP     DPH
   \   000087   D082         POP     DPL
   \   000089   F8           MOV     R0,A
   \   00008A   E0           MOVX    A,@DPTR
   \   00008B   28           ADD     A,R0
   \   00008C   90....       MOV     DPTR,#uchartemp
   \   00008F   F0           MOVX    @DPTR,A
     59                  if(uchartemp==ucharcheckdata_temp)
   \   000090   F8           MOV     R0,A
   \   000091   90....       MOV     DPTR,#ucharcheckdata_temp
   \   000094   E0           MOVX    A,@DPTR
   \   000095   68           XRL     A,R0
   \   000096   7020         JNZ     ??DHT11_5
     60                  {
     61                      ucharRH_data_H=ucharRH_data_H_temp;
   \   000098   90....       MOV     DPTR,#ucharRH_data_H_temp
   \   00009B   E0           MOVX    A,@DPTR
   \   00009C   90....       MOV     DPTR,#ucharRH_data_H
   \   00009F   F0           MOVX    @DPTR,A
     62                      ucharRH_data_L=ucharRH_data_L_temp;
   \   0000A0   90....       MOV     DPTR,#ucharRH_data_L_temp
   \   0000A3   E0           MOVX    A,@DPTR
   \   0000A4   90....       MOV     DPTR,#ucharRH_data_L
   \   0000A7   F0           MOVX    @DPTR,A
     63                      ucharT_data_H=ucharT_data_H_temp;
   \   0000A8   90....       MOV     DPTR,#ucharT_data_H_temp
   \   0000AB   E0           MOVX    A,@DPTR
   \   0000AC   90....       MOV     DPTR,#ucharT_data_H
   \   0000AF   F0           MOVX    @DPTR,A
     64                      ucharT_data_L=ucharT_data_L_temp;
   \   0000B0   90....       MOV     DPTR,#ucharT_data_L_temp
   \   0000B3   E0           MOVX    A,@DPTR
   \   0000B4   90....       MOV     DPTR,#ucharT_data_L
   \   0000B7   F0           MOVX    @DPTR,A
     65                  }
     66                  wendu=ucharT_data_H;
   \                     ??DHT11_5:
   \   0000B8   90....       MOV     DPTR,#ucharT_data_H
   \   0000BB   E0           MOVX    A,@DPTR
   \   0000BC   90....       MOV     DPTR,#wendu
   \   0000BF   F0           MOVX    @DPTR,A
     67                  shidu=ucharRH_data_H;
   \   0000C0   90....       MOV     DPTR,#ucharRH_data_H
   \   0000C3   E0           MOVX    A,@DPTR
   \   0000C4   90....       MOV     DPTR,#shidu
   \   0000C7   8008         SJMP    ??DHT11_6
     68              }
     69              else
     70              {
     71                  shidu=0;
   \                     ??DHT11_0:
   \   0000C9   90....       MOV     DPTR,#shidu
   \   0000CC   E4           CLR     A
   \   0000CD   F0           MOVX    @DPTR,A
     72                  wendu=0;
   \   0000CE   90....       MOV     DPTR,#wendu
   \                     ??DHT11_6:
   \   0000D1   F0           MOVX    @DPTR,A
     73              }
     74              DATA_PIN_OUTPUT;
   \   0000D2   43FD80       ORL     0xfd,#0x80
     75          }
   \   0000D5   02....       LJMP    ??Subroutine5_0 & 0xFFFF
   \   0000D8                REQUIRE _A_P0
   \   0000D8                REQUIRE P0DIR

   \                                 In  segment BANKED_CODE, align 1, keep-with-next
   \                     ?Subroutine2:
   \   000000   F0           MOVX    @DPTR,A
   \   000001                ; Setup parameters for call to function COM
   \   000001                ; Setup parameters for call to function COM
   \   000001                ; Setup parameters for call to function COM
   \   000001                ; Setup parameters for call to function COM
   \   000001                REQUIRE ??Subroutine6_0
   \   000001                ; // Fall through to label ??Subroutine6_0

   \                                 In  segment BANKED_CODE, align 1, keep-with-next
   \                     ??Subroutine6_0:
   \   000000   12....       LCALL   ??COM?relay
   \   000003   90....       MOV     DPTR,#ucharcomdata
   \   000006   E0           MOVX    A,@DPTR
   \   000007   22           RET

   \                                 In  segment BANK_RELAYS, align 1
   \                     ??Delay_us?relay:
   \   000000   12....       LCALL   ?BDISPATCH
   \   000003   ......       DC24    Delay_us

   \                                 In  segment BANK_RELAYS, align 1
   \                     ??Delay_10us?relay:
   \   000000   12....       LCALL   ?BDISPATCH
   \   000003   ......       DC24    Delay_10us

   \                                 In  segment BANK_RELAYS, align 1
   \                     ??Delay_ms?relay:
   \   000000   12....       LCALL   ?BDISPATCH
   \   000003   ......       DC24    Delay_ms

   \                                 In  segment BANK_RELAYS, align 1
   \                     ??COM?relay:
   \   000000   12....       LCALL   ?BDISPATCH
   \   000003   ......       DC24    COM

   \                                 In  segment BANK_RELAYS, align 1
   \                     ??DHT11?relay:
   \   000000   12....       LCALL   ?BDISPATCH
   \   000003   ......       DC24    DHT11

   Maximum stack usage in bytes:

     Function          ISTACK PSTACK XSTACK
     --------          ------ ------ ------
     COM                   2      0      9
       -> Onboard_wait     0      0     18
       -> Onboard_wait     0      0     18
       -> Onboard_wait     0      0     18
     DHT11                 8      0      0
       -> Delay_ms         4      0      0
       -> Onboard_wait     4      0      0
       -> Onboard_wait     4      0      0
       -> Onboard_wait     4      0      0
       -> Onboard_wait     4      0      0
       -> COM              4      0      0
       -> COM              4      0      0
       -> COM              4      0      0
       -> COM              4      0      0
       -> COM              4      0      0
     Delay_10us            2      0      0
       -> Onboard_wait     4      0      0
     Delay_ms              0      0      9
       -> Onboard_wait     0      0     18
     Delay_us              2      0      0
       -> Onboard_wait     4      0      0


   Segment part sizes:

     Function/Label      Bytes
     --------------      -----
     _A_P0                  1
     P0DIR                  1
     ucharFLAG              1
     uchartemp              1
     shidu                  1
     wendu                  1
     ucharT_data_H          1
     ucharT_data_L          1
     ucharRH_data_H         1
     ucharRH_data_L         1
     ucharcheckdata         1
     ucharT_data_H_temp     1
     ucharT_data_L_temp     1
     ucharRH_data_H_temp    1
     ucharRH_data_L_temp    1
     ucharcheckdata_temp    1
     ucharcomdata           1
     Delay_us               6
     ?Subroutine0           5
     ??Subroutine5_0        7
     Delay_10us             8
     Delay_ms              43
     ?Subroutine1           5
     COM                   85
     ?Subroutine4           8
     ?Subroutine3          22
     DHT11                216
     ?Subroutine2           1
     ??Subroutine6_0        8
     ??Delay_us?relay       6
     ??Delay_10us?relay     6
     ??Delay_ms?relay       6
     ??COM?relay            6
     ??DHT11?relay          6

 
 414 bytes in segment BANKED_CODE
  30 bytes in segment BANK_RELAYS
   2 bytes in segment SFR_AN
  15 bytes in segment XDATA_Z
 
 444 bytes of CODE  memory
   0 bytes of DATA  memory (+ 2 bytes shared)
  15 bytes of XDATA memory

Errors: none
Warnings: none
