###############################################################################
#                                                                             #
# IAR C/C++ Compiler V8.10.3.10338/W32 for 8051         08/Apr/2026  18:13:11 #
# Copyright 2004-2011 IAR Systems AB.                                         #
#                                                                             #
#    Core               =  plain                                              #
#    Code model         =  banked                                             #
#    Data model         =  large                                              #
#    Calling convention =  xdata reentrant                                    #
#    Constant location  =  data_rom                                           #
#    Dptr setup         =  1,16                                               #
#    Source file        =  D:\Router_Node\ZStack-2.5.1a\Projects\zstack\Sampl #
#                          es\SampleApp\Source\SampleApp.c                    #
#    Command line       =  -f D:\Router_Node\ZStack-2.5.1a\Projects\zstack\Sa #
#                          mples\SampleApp\CC2530DB\..\..\..\Tools\CC2530DB\f #
#                          8wRouter.cfg (-DCPU32MHZ -DROOT=__near_func        #
#                          -DMAC_CFG_APP_PENDING_QUEUE=TRUE                   #
#                          -DMAC_CFG_TX_DATA_MAX=5 -DMAC_CFG_TX_MAX=8         #
#                          -DMAC_CFG_RX_MAX=5 -DRTR_NWK) -f                   #
#                          D:\Router_Node\ZStack-2.5.1a\Projects\zstack\Sampl #
#                          es\SampleApp\CC2530DB\..\..\..\Tools\CC2530DB\f8wC #
#                          onfig.cfg (-DZIGBEEPRO -DZDO_ROUTER -DSECURE=0     #
#                          -DZG_SECURE_DYNAMIC=0 -DREFLECTOR                  #
#                          -DDEFAULT_CHANLIST=0x00000800                      #
#                          -DZDAPP_CONFIG_PAN_ID=0xFFF1                       #
#                          -DNWK_START_DELAY=100 -DEXTENDED_JOINING_RANDOM_MA #
#                          SK=0x007F -DBEACON_REQUEST_DELAY=100               #
#                          -DBEACON_REQ_DELAY_MASK=0x00FF                     #
#                          -DLINK_STATUS_JITTER_MASK=0x007F                   #
#                          -DROUTE_EXPIRY_TIME=30 -DAPSC_ACK_WAIT_DURATION_PO #
#                          LLED=3000 -DNWK_INDIRECT_MSG_TIMEOUT=7             #
#                          -DMAX_RREQ_ENTRIES=8 -DAPSC_MAX_FRAME_RETRIES=3    #
#                          -DNWK_MAX_DATA_RETRIES=2                           #
#                          -DMAX_POLL_FAILURE_RETRIES=2 -DMAX_BCAST=9         #
#                          -DAPS_MAX_GROUPS=16 -DMAX_RTG_ENTRIES=40           #
#                          -DNWK_MAX_BINDING_ENTRIES=4                        #
#                          -DMAX_BINDING_CLUSTER_IDS=4 "-DDEFAULT_KEY={0x01,  #
#                          0x03, 0x05, 0x07, 0x09, 0x0B, 0x0D, 0x0F, 0x00,    #
#                          0x02, 0x04, 0x06, 0x08, 0x0A, 0x0C, 0x0D}"         #
#                          -DMAC_MAX_FRAME_SIZE=116                           #
#                          -DZDNWKMGR_MIN_TRANSMISSIONS=20 "-DCONST=const     #
#                          __code" -DGENERIC=__generic                        #
#                          -DRFD_RCVC_ALWAYS_ON=TRUE -DPOLL_RATE=1000         #
#                          -DQUEUED_POLL_RATE=100 -DRESPONSE_POLL_RATE=100)   #
#                          -DREJOIN_POLL_RATE=440 D:\Router_Node\ZStack-2.5.1 #
#                          a\Projects\zstack\Samples\SampleApp\Source\SampleA #
#                          pp.c -D ZTOOL_P1 -D xMT_TASK -D xMT_SYS_FUNC -D    #
#                          xMT_ZDO_FUNC -D ZDO_ROUTER -lC                     #
#                          D:\Router_Node\ZStack-2.5.1a\Projects\zstack\Sampl #
#                          es\SampleApp\CC2530DB\RouterEB\List\ -lA           #
#                          D:\Router_Node\ZStack-2.5.1a\Projects\zstack\Sampl #
#                          es\SampleApp\CC2530DB\RouterEB\List\               #
#                          --diag_suppress Pe001,Pa010 -o                     #
#                          D:\Router_Node\ZStack-2.5.1a\Projects\zstack\Sampl #
#                          es\SampleApp\CC2530DB\RouterEB\Obj\ -e             #
#                          --no_code_motion --debug --core=plain --dptr=16,1  #
#                          --data_model=large --code_model=banked             #
#                          --calling_convention=xdata_reentrant               #
#                          --place_constants=data_rom --nr_virtual_regs 16    #
#                          -I D:\Router_Node\ZStack-2.5.1a\Projects\zstack\Sa #
#                          mples\SampleApp\CC2530DB\ -I                       #
#                          D:\Router_Node\ZStack-2.5.1a\Projects\zstack\Sampl #
#                          es\SampleApp\CC2530DB\..\Source\ -I                #
#                          D:\Router_Node\ZStack-2.5.1a\Projects\zstack\Sampl #
#                          es\SampleApp\CC2530DB\..\..\..\ZMain\TI2530DB\ -I  #
#                          D:\Router_Node\ZStack-2.5.1a\Projects\zstack\Sampl #
#                          es\SampleApp\CC2530DB\..\..\..\..\..\Components\ha #
#                          l\include\ -I D:\Router_Node\ZStack-2.5.1a\Project #
#                          s\zstack\Samples\SampleApp\CC2530DB\..\..\..\..\.. #
#                          \Components\hal\target\CC2530EB\ -I                #
#                          D:\Router_Node\ZStack-2.5.1a\Projects\zstack\Sampl #
#                          es\SampleApp\CC2530DB\..\..\..\..\..\Components\ma #
#                          c\include\ -I D:\Router_Node\ZStack-2.5.1a\Project #
#                          s\zstack\Samples\SampleApp\CC2530DB\..\..\..\..\.. #
#                          \Components\mac\high_level\ -I                     #
#                          D:\Router_Node\ZStack-2.5.1a\Projects\zstack\Sampl #
#                          es\SampleApp\CC2530DB\..\..\..\..\..\Components\ma #
#                          c\low_level\srf04\ -I D:\Router_Node\ZStack-2.5.1a #
#                          \Projects\zstack\Samples\SampleApp\CC2530DB\..\..\ #
#                          ..\..\..\Components\mac\low_level\srf04\single_chi #
#                          p\ -I D:\Router_Node\ZStack-2.5.1a\Projects\zstack #
#                          \Samples\SampleApp\CC2530DB\..\..\..\..\..\Compone #
#                          nts\mt\ -I D:\Router_Node\ZStack-2.5.1a\Projects\z #
#                          stack\Samples\SampleApp\CC2530DB\..\..\..\..\..\Co #
#                          mponents\osal\include\ -I                          #
#                          D:\Router_Node\ZStack-2.5.1a\Projects\zstack\Sampl #
#                          es\SampleApp\CC2530DB\..\..\..\..\..\Components\se #
#                          rvices\saddr\ -I D:\Router_Node\ZStack-2.5.1a\Proj #
#                          ects\zstack\Samples\SampleApp\CC2530DB\..\..\..\.. #
#                          \..\Components\services\sdata\ -I                  #
#                          D:\Router_Node\ZStack-2.5.1a\Projects\zstack\Sampl #
#                          es\SampleApp\CC2530DB\..\..\..\..\..\Components\st #
#                          ack\af\ -I D:\Router_Node\ZStack-2.5.1a\Projects\z #
#                          stack\Samples\SampleApp\CC2530DB\..\..\..\..\..\Co #
#                          mponents\stack\nwk\ -I D:\Router_Node\ZStack-2.5.1 #
#                          a\Projects\zstack\Samples\SampleApp\CC2530DB\..\.. #
#                          \..\..\..\Components\stack\sapi\ -I                #
#                          D:\Router_Node\ZStack-2.5.1a\Projects\zstack\Sampl #
#                          es\SampleApp\CC2530DB\..\..\..\..\..\Components\st #
#                          ack\sec\ -I D:\Router_Node\ZStack-2.5.1a\Projects\ #
#                          zstack\Samples\SampleApp\CC2530DB\..\..\..\..\..\C #
#                          omponents\stack\sys\ -I D:\Router_Node\ZStack-2.5. #
#                          1a\Projects\zstack\Samples\SampleApp\CC2530DB\..\. #
#                          .\..\..\..\Components\stack\zdo\ -I                #
#                          D:\Router_Node\ZStack-2.5.1a\Projects\zstack\Sampl #
#                          es\SampleApp\CC2530DB\..\..\..\..\..\Components\zm #
#                          ac\ -I D:\Router_Node\ZStack-2.5.1a\Projects\zstac #
#                          k\Samples\SampleApp\CC2530DB\..\..\..\..\..\Compon #
#                          ents\zmac\f8w\ -Ohz                                #
#    List file          =  D:\Router_Node\ZStack-2.5.1a\Projects\zstack\Sampl #
#                          es\SampleApp\CC2530DB\RouterEB\List\SampleApp.lst  #
#    Object file        =  D:\Router_Node\ZStack-2.5.1a\Projects\zstack\Sampl #
#                          es\SampleApp\CC2530DB\RouterEB\Obj\SampleApp.r51   #
#                                                                             #
#                                                                             #
###############################################################################

D:\Router_Node\ZStack-2.5.1a\Projects\zstack\Samples\SampleApp\Source\SampleApp.c
      1          /*********************************************************************
      2           * 路由节点代码（基于 SampleApp.c 修改）
      3           * 功能：采集温湿度、光照、MQ135、MQ7，通过 Zigbee 网络发送给协调器，
      4           *       同时自动转发其他节点的数据（路由功能由协议栈自动完成）。
      5           *********************************************************************/
      6          #include <stdio.h>
      7          #include <string.h>
      8          #include "AF.h"
      9          #include "OnBoard.h"
     10          #include "OSAL_Tasks.h"
     11          #include "SampleApp.h"
     12          #include "ZDApp.h"
     13          #include "hal_drivers.h"
     14          #include "hal_led.h"
     15          #include "hal_uart.h"
     16          #include "dht11.h"
     17          #include "Sensor_ADC.h"
     18          
     19          #define SAMPLE_APP_PORT     0
     20          #define SAMPLE_APP_TX_MAX   80
     21          
     22          // 事件定义
     23          #define SAMPLEAPP_SEND_PERIODIC_MSG_EVT  0x0001
     24          
     25          // Cluster ID 列表

   \                                 In  segment XDATA_ROM_C, align 1
     26          const cId_t SampleApp_ClusterList[SAMPLE_MAX_CLUSTERS] = {
   \                     SampleApp_ClusterList:
   \   000000   0100         DW 1
   \   000002   0200         DW 2
     27              SAMPLEAPP_P2P_CLUSTERID,
     28              SAMPLEAPP_PERIODIC_CLUSTERID
     29          };
     30          
     31          // 简单描述符

   \                                 In  segment XDATA_ROM_C, align 1
     32          const SimpleDescriptionFormat_t SampleApp_SimpleDesc = {
   \                     SampleApp_SimpleDesc:
   \   000000   0B           DB 11
   \   000001   050F         DW 3845
   \   000003   0100         DW 1
   \   000005   00           DB 0
   \   000006   02           DB 2
   \   000007   ....         DW SampleApp_ClusterList
   \   000009   02           DB 2
   \   00000A   ....         DW SampleApp_ClusterList
     33              SAMPLEAPP_ENDPOINT,
     34              SAMPLEAPP_PROFID,
     35              SAMPLEAPP_DEVICEID,
     36              SAMPLEAPP_DEVICE_VERSION,
     37              SAMPLEAPP_FLAGS,
     38              SAMPLE_MAX_CLUSTERS,
     39              (cId_t *)SampleApp_ClusterList,
     40              SAMPLE_MAX_CLUSTERS,
     41              (cId_t *)SampleApp_ClusterList
     42          };
     43          
     44          // 端点描述符

   \                                 In  segment XDATA_I, align 1, keep-with-next
     45          endPointDesc_t SampleApp_epDesc = {
   \                     SampleApp_epDesc:
   \   000000                DS 6
   \   000006                REQUIRE `?<Initializer for SampleApp_epDesc>`
   \   000006                REQUIRE __INIT_XDATA_I
     46              SAMPLEAPP_ENDPOINT,
     47              &SampleApp_TaskID,
     48              (SimpleDescriptionFormat_t *)&SampleApp_SimpleDesc,
     49              noLatencyReqs
     50          };
     51          
     52          // 传感器数据结构（与协调器解析一致）
     53          typedef struct {
     54              uint8 id;           // 节点 ID（可设为路由节点的编号）
     55              uint8 temperature;
     56              uint8 humidity;
     57              uint16 light;
     58              uint16 mq135;
     59              uint16 mq7;
     60          } sensor_data_t;
     61          

   \                                 In  segment XDATA_Z, align 1, keep-with-next
     62          devStates_t SampleApp_NwkState;
   \                     SampleApp_NwkState:
   \   000000                DS 1
   \   000001                REQUIRE __INIT_XDATA_Z

   \                                 In  segment XDATA_Z, align 1, keep-with-next
     63          uint8 SampleApp_TaskID;
   \                     SampleApp_TaskID:
   \   000000                DS 1
   \   000001                REQUIRE __INIT_XDATA_Z
     64          

   \                                 In  segment XDATA_Z, align 1, keep-with-next
     65          static uint8 SampleApp_MsgID;
   \                     SampleApp_MsgID:
   \   000000                DS 1
   \   000001                REQUIRE __INIT_XDATA_Z

   \                                 In  segment XDATA_Z, align 1, keep-with-next
     66          afAddrType_t SampleApp_P2P_DstAddr;    // 目标地址（协调器）
   \                     SampleApp_P2P_DstAddr:
   \   000000                DS 12
   \   00000C                REQUIRE __INIT_XDATA_Z
     67          
     68          // 函数声明
     69          static void SampleApp_Send_P2P_Message(void);
     70          
     71          /*********************************************************************
     72           * @fn      SampleApp_Init
     73           * @brief   路由节点初始化：ADC、DHT11、注册端点、启动入网
     74           *********************************************************************/

   \                                 In  segment BANKED_CODE, align 1, keep-with-next
     75          void SampleApp_Init( uint8 task_id )
   \                     SampleApp_Init:
     76          {
   \   000000   74F7         MOV     A,#-0x9
   \   000002   12....       LCALL   ?BANKED_ENTER_XDATA
   \   000005                ; Saved register size: 9
   \   000005                ; Auto size: 0
   \   000005   E9           MOV     A,R1
     77              SampleApp_TaskID = task_id;
   \   000006   90....       MOV     DPTR,#SampleApp_TaskID
   \   000009   F0           MOVX    @DPTR,A
     78              SampleApp_NwkState = DEV_INIT;
   \   00000A   90....       MOV     DPTR,#SampleApp_NwkState
   \   00000D   7401         MOV     A,#0x1
   \   00000F   F0           MOVX    @DPTR,A
     79          
     80              // 初始化传感器硬件
     81              ADC_Init();          // P0_4,P0_5,P0_6 设为 ADC 输入
   \   000010                ; Setup parameters for call to function ADC_Init
   \   000010   12....       LCALL   ??ADC_Init?relay
     82              // DHT11 引脚 P0_7 已在 DHT11.h 中配置
     83          
     84              // 注册端点
     85              afRegister(&SampleApp_epDesc);
   \   000013                ; Setup parameters for call to function afRegister
   \   000013   7A..         MOV     R2,#SampleApp_epDesc & 0xff
   \   000015   7B..         MOV     R3,#(SampleApp_epDesc >> 8) & 0xff
   \   000017   12....       LCALL   ??afRegister?relay
     86          
     87              // 配置发送目标地址（协调器短地址固定为 0x0000）
     88              SampleApp_P2P_DstAddr.addrMode = (afAddrMode_t)Addr16Bit;
   \   00001A   90....       MOV     DPTR,#SampleApp_P2P_DstAddr + 8
   \   00001D   7402         MOV     A,#0x2
   \   00001F   F0           MOVX    @DPTR,A
     89              SampleApp_P2P_DstAddr.endPoint = SAMPLEAPP_ENDPOINT;
   \   000020   A3           INC     DPTR
   \   000021   740B         MOV     A,#0xb
   \   000023   F0           MOVX    @DPTR,A
     90              SampleApp_P2P_DstAddr.addr.shortAddr = 0x0000;
   \   000024   90....       MOV     DPTR,#SampleApp_P2P_DstAddr
   \   000027   E4           CLR     A
   \   000028   F0           MOVX    @DPTR,A
   \   000029   A3           INC     DPTR
   \   00002A   F0           MOVX    @DPTR,A
     91          
     92              // 可选：通过串口打印路由节点启动信息
     93              HalUARTWrite(0, (uint8*)"Router Node Started\r\n", 21);
   \   00002B                ; Setup parameters for call to function HalUARTWrite
   \   00002B   7C15         MOV     R4,#0x15
   \   00002D   FD           MOV     R5,A
   \   00002E   7A..         MOV     R2,#`?<Constant "Router Node Started\\r\\n">` & 0xff
   \   000030   7B..         MOV     R3,#(`?<Constant "Router Node Started\\r\\n">` >> 8) & 0xff
   \   000032   F9           MOV     R1,A
   \   000033   12....       LCALL   ??HalUARTWrite?relay
     94          }
   \   000036   7F01         MOV     R7,#0x1
   \   000038   02....       LJMP    ?BANKED_LEAVE_XDATA
     95          
     96          /*********************************************************************
     97           * @fn      SampleApp_ProcessEvent
     98           * @brief   事件处理：入网状态变化、定时发送数据
     99           *********************************************************************/

   \                                 In  segment BANKED_CODE, align 1, keep-with-next
    100          UINT16 SampleApp_ProcessEvent( uint8 task_id, UINT16 events )
   \                     SampleApp_ProcessEvent:
    101          {
   \   000000   74F4         MOV     A,#-0xc
   \   000002   12....       LCALL   ?BANKED_ENTER_XDATA
   \   000005                ; Saved register size: 12
   \   000005                ; Auto size: 0
   \   000005   EA           MOV     A,R2
   \   000006   FE           MOV     R6,A
   \   000007   EB           MOV     A,R3
   \   000008   FF           MOV     R7,A
    102              (void)task_id;
    103          
    104              if ( events & SYS_EVENT_MSG )
   \   000009   5480         ANL     A,#0x80
   \   00000B   705C         JNZ     ??SampleApp_ProcessEvent_0
    105              {
    106                  afIncomingMSGPacket_t *MSGpkt;
    107                  while ((MSGpkt = (afIncomingMSGPacket_t *)osal_msg_receive(SampleApp_TaskID)))
    108                  {
    109                      switch (MSGpkt->hdr.event)
    110                      {
    111                      case ZDO_STATE_CHANGE:
    112                          SampleApp_NwkState = (devStates_t)(MSGpkt->hdr.status);
    113                          if (SampleApp_NwkState == DEV_ROUTER || SampleApp_NwkState == DEV_END_DEVICE)
    114                          {
    115                              // 入网成功，启动定时器（每 5 秒发送一次，避免网络拥塞）
    116                              osal_start_timerEx(SampleApp_TaskID,
    117                                                 SAMPLEAPP_SEND_PERIODIC_MSG_EVT,
    118                                                 5000);
    119                              HalUARTWrite(0, (uint8*)"Joined Network\r\n", 16);
    120                          }
    121                          break;
    122                      default:
    123                          break;
    124                      }
    125                      osal_msg_deallocate((uint8 *)MSGpkt);
    126                  }
    127                  return (events ^ SYS_EVENT_MSG);
    128              }
    129          
    130              if (events & SAMPLEAPP_SEND_PERIODIC_MSG_EVT)
   \   00000D   EE           MOV     A,R6
   \   00000E   A2E0         MOV     C,0xE0 /* A   */.0
   \   000010   506F         JNC     ??SampleApp_ProcessEvent_1
    131              {
    132                  SampleApp_Send_P2P_Message();
   \   000012                ; Setup parameters for call to function SampleApp_Send_P2P_Message
   \   000012   12....       LCALL   ??SampleApp_Send_P2P_Message?relay
    133                  // 重新启动定时器（周期 5 秒）
    134                  osal_start_timerEx(SampleApp_TaskID, SAMPLEAPP_SEND_PERIODIC_MSG_EVT, 5000);
   \   000015                ; Setup parameters for call to function osal_start_timerEx
   \   000015   7C88         MOV     R4,#-0x78
   \   000017   7D13         MOV     R5,#0x13
   \   000019   7A01         MOV     R2,#0x1
   \   00001B   7B00         MOV     R3,#0x0
   \   00001D   90....       MOV     DPTR,#SampleApp_TaskID
   \   000020   E0           MOVX    A,@DPTR
   \   000021   F9           MOV     R1,A
   \   000022   12....       LCALL   ??osal_start_timerEx?relay
    135                  return (events ^ SAMPLEAPP_SEND_PERIODIC_MSG_EVT);
   \   000025   EE           MOV     A,R6
   \   000026   6401         XRL     A,#0x1
   \   000028   FA           MOV     R2,A
   \   000029   EF           MOV     A,R7
   \                     ??SampleApp_ProcessEvent_2:
   \   00002A   FB           MOV     R3,A
   \   00002B   8058         SJMP    ??SampleApp_ProcessEvent_3
    136              }
   \                     ??SampleApp_ProcessEvent_4:
   \   00002D   8A82         MOV     DPL,R2
   \   00002F   8B83         MOV     DPH,R3
   \   000031   E0           MOVX    A,@DPTR
   \   000032   64D1         XRL     A,#0xd1
   \   000034   702C         JNZ     ??SampleApp_ProcessEvent_5
   \   000036   A3           INC     DPTR
   \   000037   E0           MOVX    A,@DPTR
   \   000038   90....       MOV     DPTR,#SampleApp_NwkState
   \   00003B   F0           MOVX    @DPTR,A
   \   00003C   6407         XRL     A,#0x7
   \   00003E   6005         JZ      ??SampleApp_ProcessEvent_6
   \   000040   E0           MOVX    A,@DPTR
   \   000041   6406         XRL     A,#0x6
   \   000043   701D         JNZ     ??SampleApp_ProcessEvent_5
   \                     ??SampleApp_ProcessEvent_6:
   \   000045                ; Setup parameters for call to function osal_start_timerEx
   \   000045   7C88         MOV     R4,#-0x78
   \   000047   7D13         MOV     R5,#0x13
   \   000049   7A01         MOV     R2,#0x1
   \   00004B   7B00         MOV     R3,#0x0
   \   00004D   90....       MOV     DPTR,#SampleApp_TaskID
   \   000050   E0           MOVX    A,@DPTR
   \   000051   F9           MOV     R1,A
   \   000052   12....       LCALL   ??osal_start_timerEx?relay
   \   000055                ; Setup parameters for call to function HalUARTWrite
   \   000055   7C10         MOV     R4,#0x10
   \   000057   7D00         MOV     R5,#0x0
   \   000059   7A..         MOV     R2,#`?<Constant "Joined Network\\r\\n">` & 0xff
   \   00005B   7B..         MOV     R3,#(`?<Constant "Joined Network\\r\\n">` >> 8) & 0xff
   \   00005D   7900         MOV     R1,#0x0
   \   00005F   12....       LCALL   ??HalUARTWrite?relay
   \                     ??SampleApp_ProcessEvent_5:
   \   000062                ; Setup parameters for call to function osal_msg_deallocate
   \   000062   AA..         MOV     R2,?V0 + 0
   \   000064   AB..         MOV     R3,?V0 + 1
   \   000066   12....       LCALL   ??osal_msg_deallocate?relay
   \                     ??SampleApp_ProcessEvent_0:
   \   000069                ; Setup parameters for call to function osal_msg_receive
   \   000069   90....       MOV     DPTR,#SampleApp_TaskID
   \   00006C   E0           MOVX    A,@DPTR
   \   00006D   F9           MOV     R1,A
   \   00006E   12....       LCALL   ??osal_msg_receive?relay
   \   000071   8A..         MOV     ?V0 + 0,R2
   \   000073   8B..         MOV     ?V0 + 1,R3
   \   000075   EA           MOV     A,R2
   \   000076   45..         ORL     A,?V0 + 1
   \   000078   70B3         JNZ     ??SampleApp_ProcessEvent_4
   \   00007A   EE           MOV     A,R6
   \   00007B   FA           MOV     R2,A
   \   00007C   EF           MOV     A,R7
   \   00007D   6480         XRL     A,#0x80
   \   00007F   80A9         SJMP    ??SampleApp_ProcessEvent_2
    137          
    138              return 0;
   \                     ??SampleApp_ProcessEvent_1:
   \   000081   7A00         MOV     R2,#0x0
   \   000083   7B00         MOV     R3,#0x0
   \                     ??SampleApp_ProcessEvent_3:
   \   000085   7F04         MOV     R7,#0x4
   \   000087   02....       LJMP    ?BANKED_LEAVE_XDATA
    139          }
    140          
    141          /*********************************************************************
    142           * @fn      SampleApp_Send_P2P_Message
    143           * @brief   采集数据并发送给协调器
    144           *********************************************************************/

   \                                 In  segment BANKED_CODE, align 1, keep-with-next
    145          void SampleApp_Send_P2P_Message(void)
   \                     SampleApp_Send_P2P_Message:
    146          {
   \   000000   74F5         MOV     A,#-0xb
   \   000002   12....       LCALL   ?BANKED_ENTER_XDATA
   \   000005                ; Saved register size: 11
   \   000005                ; Auto size: 78
   \   000005   74B2         MOV     A,#-0x4e
   \   000007   12....       LCALL   ?ALLOC_XSTACK8
    147              sensor_data_t data;
    148              uint8 buf[sizeof(sensor_data_t)];
    149          
    150              // 读取 DHT11 温湿度
    151              DHT11();
   \   00000A                ; Setup parameters for call to function DHT11
   \   00000A   12....       LCALL   ??DHT11?relay
    152              data.id = 2;                     // 路由节点 ID（可自定义，如 2）
   \   00000D   85..82       MOV     DPL,?XSP + 0
   \   000010   85..83       MOV     DPH,?XSP + 1
   \   000013   7402         MOV     A,#0x2
   \   000015   F0           MOVX    @DPTR,A
    153              data.temperature = wendu;
   \   000016   90....       MOV     DPTR,#wendu
   \   000019   E0           MOVX    A,@DPTR
   \   00001A   C0E0         PUSH    A
   \   00001C   7401         MOV     A,#0x1
   \   00001E   12....       LCALL   ?XSTACK_DISP0_8
   \   000021   D0E0         POP     A
   \   000023   F0           MOVX    @DPTR,A
    154              data.humidity = shidu;
   \   000024   90....       MOV     DPTR,#shidu
   \   000027   E0           MOVX    A,@DPTR
   \   000028   C0E0         PUSH    A
   \   00002A   7402         MOV     A,#0x2
   \   00002C   12....       LCALL   ?XSTACK_DISP0_8
   \   00002F   D0E0         POP     A
   \   000031   F0           MOVX    @DPTR,A
    155              data.light = Read_Light();
   \   000032                ; Setup parameters for call to function ADC_Read
   \   000032   7906         MOV     R1,#0x6
   \   000034   12....       LCALL   ??ADC_Read?relay
   \   000037   7403         MOV     A,#0x3
   \   000039   12....       LCALL   ?XSTACK_DISP0_8
   \   00003C   EA           MOV     A,R2
   \   00003D   F0           MOVX    @DPTR,A
   \   00003E   A3           INC     DPTR
   \   00003F   EB           MOV     A,R3
   \   000040   F0           MOVX    @DPTR,A
    156              data.mq135 = Read_MQ135();
   \   000041                ; Setup parameters for call to function ADC_Read
   \   000041   7905         MOV     R1,#0x5
   \   000043   12....       LCALL   ??ADC_Read?relay
   \   000046   7405         MOV     A,#0x5
   \   000048   12....       LCALL   ?XSTACK_DISP0_8
   \   00004B   EA           MOV     A,R2
   \   00004C   F0           MOVX    @DPTR,A
   \   00004D   A3           INC     DPTR
   \   00004E   EB           MOV     A,R3
   \   00004F   F0           MOVX    @DPTR,A
    157              data.mq7 = Read_MQ7();
   \   000050                ; Setup parameters for call to function ADC_Read
   \   000050   7904         MOV     R1,#0x4
   \   000052   12....       LCALL   ??ADC_Read?relay
   \   000055   7407         MOV     A,#0x7
   \   000057   12....       LCALL   ?XSTACK_DISP0_8
   \   00005A   EA           MOV     A,R2
   \   00005B   F0           MOVX    @DPTR,A
   \   00005C   A3           INC     DPTR
   \   00005D   EB           MOV     A,R3
   \   00005E   F0           MOVX    @DPTR,A
    158          
    159              // 拷贝数据
    160              osal_memcpy(buf, &data, sizeof(data));
   \   00005F                ; Setup parameters for call to function osal_memcpy
   \   00005F   85..82       MOV     DPL,?XSP + 0
   \   000062   85..83       MOV     DPH,?XSP + 1
   \   000065   A982         MOV     R1,DPL
   \   000067   AA83         MOV     R2,DPH
   \   000069   89..         MOV     ?V0 + 0,R1
   \   00006B   8A..         MOV     ?V0 + 1,R2
   \   00006D   75..00       MOV     ?V0 + 2,#0x0
   \   000070   78..         MOV     R0,#?V0 + 0
   \   000072   12....       LCALL   ?PUSH_XSTACK_I_THREE
   \   000075   7C09         MOV     R4,#0x9
   \   000077   7D00         MOV     R5,#0x0
   \   000079   740C         MOV     A,#0xc
   \   00007B   12....       LCALL   ?XSTACK_DISP0_8
   \   00007E   AA82         MOV     R2,DPL
   \   000080   AB83         MOV     R3,DPH
   \   000082   12....       LCALL   ??osal_memcpy?relay
   \   000085   7403         MOV     A,#0x3
   \   000087   12....       LCALL   ?DEALLOC_XSTACK8
    161          
    162              // 串口打印调试信息
    163              char strTemp[60];
    164              sprintf(strTemp, "Router Send: ID=%d T=%d H=%d L=%d M135=%d M7=%d\r\n",
    165                      data.id, data.temperature, data.humidity,
    166                      data.light, data.mq135, data.mq7);
   \   00008A                ; Setup parameters for call to function sprintf
   \   00008A   7407         MOV     A,#0x7
   \   00008C   12....       LCALL   ?XSTACK_DISP0_8
   \   00008F   12....       LCALL   ?PUSH_XSTACK8_X_TWO
   \   000092   7407         MOV     A,#0x7
   \   000094   12....       LCALL   ?XSTACK_DISP0_8
   \   000097   12....       LCALL   ?PUSH_XSTACK8_X_TWO
   \   00009A   7407         MOV     A,#0x7
   \   00009C   12....       LCALL   ?XSTACK_DISP0_8
   \   00009F   12....       LCALL   ?PUSH_XSTACK8_X_TWO
   \   0000A2   7408         MOV     A,#0x8
   \   0000A4   12....       LCALL   ?XSTACK_DISP0_8
   \   0000A7   E0           MOVX    A,@DPTR
   \   0000A8   F5..         MOV     ?V0 + 0,A
   \   0000AA   75..00       MOV     ?V0 + 1,#0x0
   \   0000AD   78..         MOV     R0,#?V0 + 0
   \   0000AF   12....       LCALL   ?PUSH_XSTACK_I_TWO
   \   0000B2   7409         MOV     A,#0x9
   \   0000B4   12....       LCALL   ?XSTACK_DISP0_8
   \   0000B7   E0           MOVX    A,@DPTR
   \   0000B8   F5..         MOV     ?V0 + 0,A
   \   0000BA   78..         MOV     R0,#?V0 + 0
   \   0000BC   12....       LCALL   ?PUSH_XSTACK_I_TWO
   \   0000BF   740A         MOV     A,#0xa
   \   0000C1   12....       LCALL   ?XSTACK_DISP0_8
   \   0000C4   E0           MOVX    A,@DPTR
   \   0000C5   F5..         MOV     ?V0 + 0,A
   \   0000C7   78..         MOV     R0,#?V0 + 0
   \   0000C9   12....       LCALL   ?PUSH_XSTACK_I_TWO
   \   0000CC   7C..         MOV     R4,#`?<Constant "Router Send: ID=%d T=...">` & 0xff
   \   0000CE   7D..         MOV     R5,#(`?<Constant "Router Send: ID=%d T=...">` >> 8) & 0xff
   \   0000D0   741E         MOV     A,#0x1e
   \   0000D2   12....       LCALL   ?XSTACK_DISP0_8
   \   0000D5   AA82         MOV     R2,DPL
   \   0000D7   AB83         MOV     R3,DPH
   \   0000D9   12....       LCALL   ??sprintf?relay
   \   0000DC   740C         MOV     A,#0xc
   \   0000DE   12....       LCALL   ?DEALLOC_XSTACK8
    167              HalUARTWrite(0, (uint8*)strTemp, strlen(strTemp));
   \   0000E1                ; Setup parameters for call to function HalUARTWrite
   \   0000E1                ; Setup parameters for call to function strlen
   \   0000E1   7412         MOV     A,#0x12
   \   0000E3   12....       LCALL   ?XSTACK_DISP0_8
   \   0000E6   AA82         MOV     R2,DPL
   \   0000E8   AB83         MOV     R3,DPH
   \   0000EA   12....       LCALL   ??strlen?relay
   \   0000ED   EA           MOV     A,R2
   \   0000EE   FC           MOV     R4,A
   \   0000EF   EB           MOV     A,R3
   \   0000F0   FD           MOV     R5,A
   \   0000F1   7412         MOV     A,#0x12
   \   0000F3   12....       LCALL   ?XSTACK_DISP0_8
   \   0000F6   AA82         MOV     R2,DPL
   \   0000F8   AB83         MOV     R3,DPH
   \   0000FA   7900         MOV     R1,#0x0
   \   0000FC   12....       LCALL   ??HalUARTWrite?relay
    168          
    169              // 无线发送
    170              if (AF_DataRequest(&SampleApp_P2P_DstAddr, &SampleApp_epDesc,
    171                                 SAMPLEAPP_P2P_CLUSTERID,
    172                                 sizeof(data), buf,
    173                                 &SampleApp_MsgID,
    174                                 AF_DISCV_ROUTE, AF_DEFAULT_RADIUS) == afStatus_SUCCESS)
   \   0000FF                ; Setup parameters for call to function AF_DataRequest
   \   0000FF   75..1E       MOV     ?V0 + 0,#0x1e
   \   000102   78..         MOV     R0,#?V0 + 0
   \   000104   12....       LCALL   ?PUSH_XSTACK_I_ONE
   \   000107   75....       MOV     ?V0 + 0,#SampleApp_MsgID & 0xff
   \   00010A   75....       MOV     ?V0 + 1,#(SampleApp_MsgID >> 8) & 0xff
   \   00010D   78..         MOV     R0,#?V0 + 0
   \   00010F   12....       LCALL   ?PUSH_XSTACK_I_TWO
   \   000112   740C         MOV     A,#0xc
   \   000114   12....       LCALL   ?XSTACK_DISP0_8
   \   000117   8582..       MOV     ?V0 + 0,DPL
   \   00011A   8583..       MOV     ?V0 + 1,DPH
   \   00011D   78..         MOV     R0,#?V0 + 0
   \   00011F   12....       LCALL   ?PUSH_XSTACK_I_TWO
   \   000122   75..09       MOV     ?V0 + 0,#0x9
   \   000125   75..00       MOV     ?V0 + 1,#0x0
   \   000128   78..         MOV     R0,#?V0 + 0
   \   00012A   12....       LCALL   ?PUSH_XSTACK_I_TWO
   \   00012D   75..01       MOV     ?V0 + 0,#0x1
   \   000130   78..         MOV     R0,#?V0 + 0
   \   000132   12....       LCALL   ?PUSH_XSTACK_I_TWO
   \   000135   7920         MOV     R1,#0x20
   \   000137   7C..         MOV     R4,#SampleApp_epDesc & 0xff
   \   000139   7D..         MOV     R5,#(SampleApp_epDesc >> 8) & 0xff
   \   00013B   7A..         MOV     R2,#SampleApp_P2P_DstAddr & 0xff
   \   00013D   7B..         MOV     R3,#(SampleApp_P2P_DstAddr >> 8) & 0xff
   \   00013F   12....       LCALL   ??AF_DataRequest?relay
   \   000142   7409         MOV     A,#0x9
   \   000144   12....       LCALL   ?DEALLOC_XSTACK8
   \   000147   E9           MOV     A,R1
   \   000148   700F         JNZ     ??SampleApp_Send_P2P_Message_0
    175              {
    176                  // 发送成功，可点亮 LED 指示（如 P1_0 闪烁）
    177                  HalLedBlink(HAL_LED_1, 1, 50, 100);
   \   00014A                ; Setup parameters for call to function HalLedBlink
   \   00014A   7C64         MOV     R4,#0x64
   \   00014C   7D00         MOV     R5,#0x0
   \   00014E   7B32         MOV     R3,#0x32
   \   000150   7A01         MOV     R2,#0x1
   \   000152   7901         MOV     R1,#0x1
   \   000154   12....       LCALL   ??HalLedBlink?relay
   \   000157   800D         SJMP    ??SampleApp_Send_P2P_Message_1
    178              }
    179              else
    180              {
    181                  HalUARTWrite(0, (uint8*)"Send failed\r\n", 13);
   \                     ??SampleApp_Send_P2P_Message_0:
   \   000159                ; Setup parameters for call to function HalUARTWrite
   \   000159   7C0D         MOV     R4,#0xd
   \   00015B   7D00         MOV     R5,#0x0
   \   00015D   7A..         MOV     R2,#`?<Constant "Send failed\\r\\n">` & 0xff
   \   00015F   7B..         MOV     R3,#(`?<Constant "Send failed\\r\\n">` >> 8) & 0xff
   \   000161   7900         MOV     R1,#0x0
   \   000163   12....       LCALL   ??HalUARTWrite?relay
    182              }
    183          }
   \                     ??SampleApp_Send_P2P_Message_1:
   \   000166   744E         MOV     A,#0x4e
   \   000168   12....       LCALL   ?DEALLOC_XSTACK8
   \   00016B   7F03         MOV     R7,#0x3
   \   00016D   02....       LJMP    ?BANKED_LEAVE_XDATA

   \                                 In  segment XDATA_ID, align 1, keep-with-next
   \                     `?<Initializer for SampleApp_epDesc>`:
   \   000000   0B           DB 11
   \   000001   ....         DW SampleApp_TaskID
   \   000003   ....         DW SampleApp_SimpleDesc
   \   000005   00           DB 0

   \                                 In  segment BANK_RELAYS, align 1
   \                     ??SampleApp_Init?relay:
   \   000000   12....       LCALL   ?BDISPATCH
   \   000003   ......       DC24    SampleApp_Init

   \                                 In  segment BANK_RELAYS, align 1
   \                     ??SampleApp_ProcessEvent?relay:
   \   000000   12....       LCALL   ?BDISPATCH
   \   000003   ......       DC24    SampleApp_ProcessEvent

   \                                 In  segment BANK_RELAYS, align 1
   \                     ??SampleApp_Send_P2P_Message?relay:
   \   000000   12....       LCALL   ?BDISPATCH
   \   000003   ......       DC24    SampleApp_Send_P2P_Message

   \                                 In  segment XDATA_ROM_C, align 1
   \                     `?<Constant "Router Node Started\\r\\n">`:
   \   000000   526F7574     DB "Router Node Started\015\012"
   \            6572204E
   \            6F646520
   \            53746172
   \            7465640D
   \            0A00    

   \                                 In  segment XDATA_ROM_C, align 1
   \                     `?<Constant "Joined Network\\r\\n">`:
   \   000000   4A6F696E     DB "Joined Network\015\012"
   \            6564204E
   \            6574776F
   \            726B0D0A
   \            00      

   \                                 In  segment XDATA_ROM_C, align 1
   \                     `?<Constant "Router Send: ID=%d T=...">`:
   \   000000   526F7574     DB "Router Send: ID=%d T=%d H=%d L=%d M135=%d M7=%d\015\012"
   \            65722053
   \            656E643A
   \            2049443D
   \            25642054
   \            3D256420
   \            483D2564
   \            204C3D25
   \            64204D31
   \            33353D25
   \            64204D37
   \            3D25640D
   \            0A00    

   \                                 In  segment XDATA_ROM_C, align 1
   \                     `?<Constant "Send failed\\r\\n">`:
   \   000000   53656E64     DB "Send failed\015\012"
   \            20666169
   \            6C65640D
   \            0A00    

   Maximum stack usage in bytes:

     Function                       ISTACK PSTACK XSTACK
     --------                       ------ ------ ------
     SampleApp_Init                     0      0      9
       -> ADC_Init                      0      0     18
       -> afRegister                    0      0     18
       -> HalUARTWrite                  0      0     18
     SampleApp_ProcessEvent             0      0     12
       -> SampleApp_Send_P2P_Message
                                        0      0     24
       -> osal_start_timerEx            0      0     24
       -> osal_start_timerEx            0      0     24
       -> HalUARTWrite                  0      0     24
       -> osal_msg_deallocate           0      0     24
       -> osal_msg_receive              0      0     24
     SampleApp_Send_P2P_Message         1      0    113
       -> DHT11                         0      0    178
       -> ADC_Read                      0      0    178
       -> ADC_Read                      0      0    178
       -> ADC_Read                      0      0    178
       -> osal_memcpy                   0      0    184
       -> sprintf                       0      0    202
       -> strlen                        0      0    178
       -> HalUARTWrite                  0      0    178
       -> AF_DataRequest                0      0    196
       -> HalLedBlink                   0      0    178
       -> HalUARTWrite                  0      0    178


   Segment part sizes:

     Function/Label                         Bytes
     --------------                         -----
     SampleApp_ClusterList                     4
     SampleApp_SimpleDesc                     12
     SampleApp_epDesc                          6
     SampleApp_NwkState                        1
     SampleApp_TaskID                          1
     SampleApp_MsgID                           1
     SampleApp_P2P_DstAddr                    12
     SampleApp_Init                           59
     SampleApp_ProcessEvent                  138
     SampleApp_Send_P2P_Message              368
     ?<Initializer for SampleApp_epDesc>       6
     ??SampleApp_Init?relay                    6
     ??SampleApp_ProcessEvent?relay            6
     ??SampleApp_Send_P2P_Message?relay        6
     ?<Constant "Router Node Started\r\n">    22
     ?<Constant "Joined Network\r\n">         17
     ?<Constant "Router Send: ID=%d T=...">   50
     ?<Constant "Send failed\r\n">            14

 
 565 bytes in segment BANKED_CODE
  18 bytes in segment BANK_RELAYS
   6 bytes in segment XDATA_I
   6 bytes in segment XDATA_ID
 119 bytes in segment XDATA_ROM_C
  15 bytes in segment XDATA_Z
 
 589 bytes of CODE  memory
 119 bytes of CONST memory
  21 bytes of XDATA memory

Errors: none
Warnings: none
