###############################################################################
#                                                                             #
# IAR C/C++ Compiler V8.10.3.10338/W32 for 8051         08/Apr/2026  18:13:21 #
# Copyright 2004-2011 IAR Systems AB.                                         #
#                                                                             #
#    Core               =  plain                                              #
#    Code model         =  banked                                             #
#    Data model         =  large                                              #
#    Calling convention =  xdata reentrant                                    #
#    Constant location  =  data_rom                                           #
#    Dptr setup         =  1,16                                               #
#    Source file        =  D:\Router_Node\ZStack-2.5.1a\Projects\zstack\Sampl #
#                          es\SampleApp\Source\Sensor_ADC.c                   #
#    Command line       =  -f D:\Router_Node\ZStack-2.5.1a\Projects\zstack\Sa #
#                          mples\SampleApp\CC2530DB\..\..\..\Tools\CC2530DB\f #
#                          8wRouter.cfg (-DCPU32MHZ -DROOT=__near_func        #
#                          -DMAC_CFG_APP_PENDING_QUEUE=TRUE                   #
#                          -DMAC_CFG_TX_DATA_MAX=5 -DMAC_CFG_TX_MAX=8         #
#                          -DMAC_CFG_RX_MAX=5 -DRTR_NWK) -f                   #
#                          D:\Router_Node\ZStack-2.5.1a\Projects\zstack\Sampl #
#                          es\SampleApp\CC2530DB\..\..\..\Tools\CC2530DB\f8wC #
#                          onfig.cfg (-DZIGBEEPRO -DZDO_ROUTER -DSECURE=0     #
#                          -DZG_SECURE_DYNAMIC=0 -DREFLECTOR                  #
#                          -DDEFAULT_CHANLIST=0x00000800                      #
#                          -DZDAPP_CONFIG_PAN_ID=0xFFF1                       #
#                          -DNWK_START_DELAY=100 -DEXTENDED_JOINING_RANDOM_MA #
#                          SK=0x007F -DBEACON_REQUEST_DELAY=100               #
#                          -DBEACON_REQ_DELAY_MASK=0x00FF                     #
#                          -DLINK_STATUS_JITTER_MASK=0x007F                   #
#                          -DROUTE_EXPIRY_TIME=30 -DAPSC_ACK_WAIT_DURATION_PO #
#                          LLED=3000 -DNWK_INDIRECT_MSG_TIMEOUT=7             #
#                          -DMAX_RREQ_ENTRIES=8 -DAPSC_MAX_FRAME_RETRIES=3    #
#                          -DNWK_MAX_DATA_RETRIES=2                           #
#                          -DMAX_POLL_FAILURE_RETRIES=2 -DMAX_BCAST=9         #
#                          -DAPS_MAX_GROUPS=16 -DMAX_RTG_ENTRIES=40           #
#                          -DNWK_MAX_BINDING_ENTRIES=4                        #
#                          -DMAX_BINDING_CLUSTER_IDS=4 "-DDEFAULT_KEY={0x01,  #
#                          0x03, 0x05, 0x07, 0x09, 0x0B, 0x0D, 0x0F, 0x00,    #
#                          0x02, 0x04, 0x06, 0x08, 0x0A, 0x0C, 0x0D}"         #
#                          -DMAC_MAX_FRAME_SIZE=116                           #
#                          -DZDNWKMGR_MIN_TRANSMISSIONS=20 "-DCONST=const     #
#                          __code" -DGENERIC=__generic                        #
#                          -DRFD_RCVC_ALWAYS_ON=TRUE -DPOLL_RATE=1000         #
#                          -DQUEUED_POLL_RATE=100 -DRESPONSE_POLL_RATE=100)   #
#                          -DREJOIN_POLL_RATE=440 D:\Router_Node\ZStack-2.5.1 #
#                          a\Projects\zstack\Samples\SampleApp\Source\Sensor_ #
#                          ADC.c -D ZTOOL_P1 -D xMT_TASK -D xMT_SYS_FUNC -D   #
#                          xMT_ZDO_FUNC -D ZDO_ROUTER -lC                     #
#                          D:\Router_Node\ZStack-2.5.1a\Projects\zstack\Sampl #
#                          es\SampleApp\CC2530DB\RouterEB\List\ -lA           #
#                          D:\Router_Node\ZStack-2.5.1a\Projects\zstack\Sampl #
#                          es\SampleApp\CC2530DB\RouterEB\List\               #
#                          --diag_suppress Pe001,Pa010 -o                     #
#                          D:\Router_Node\ZStack-2.5.1a\Projects\zstack\Sampl #
#                          es\SampleApp\CC2530DB\RouterEB\Obj\ -e             #
#                          --no_code_motion --debug --core=plain --dptr=16,1  #
#                          --data_model=large --code_model=banked             #
#                          --calling_convention=xdata_reentrant               #
#                          --place_constants=data_rom --nr_virtual_regs 16    #
#                          -I D:\Router_Node\ZStack-2.5.1a\Projects\zstack\Sa #
#                          mples\SampleApp\CC2530DB\ -I                       #
#                          D:\Router_Node\ZStack-2.5.1a\Projects\zstack\Sampl #
#                          es\SampleApp\CC2530DB\..\Source\ -I                #
#                          D:\Router_Node\ZStack-2.5.1a\Projects\zstack\Sampl #
#                          es\SampleApp\CC2530DB\..\..\..\ZMain\TI2530DB\ -I  #
#                          D:\Router_Node\ZStack-2.5.1a\Projects\zstack\Sampl #
#                          es\SampleApp\CC2530DB\..\..\..\..\..\Components\ha #
#                          l\include\ -I D:\Router_Node\ZStack-2.5.1a\Project #
#                          s\zstack\Samples\SampleApp\CC2530DB\..\..\..\..\.. #
#                          \Components\hal\target\CC2530EB\ -I                #
#                          D:\Router_Node\ZStack-2.5.1a\Projects\zstack\Sampl #
#                          es\SampleApp\CC2530DB\..\..\..\..\..\Components\ma #
#                          c\include\ -I D:\Router_Node\ZStack-2.5.1a\Project #
#                          s\zstack\Samples\SampleApp\CC2530DB\..\..\..\..\.. #
#                          \Components\mac\high_level\ -I                     #
#                          D:\Router_Node\ZStack-2.5.1a\Projects\zstack\Sampl #
#                          es\SampleApp\CC2530DB\..\..\..\..\..\Components\ma #
#                          c\low_level\srf04\ -I D:\Router_Node\ZStack-2.5.1a #
#                          \Projects\zstack\Samples\SampleApp\CC2530DB\..\..\ #
#                          ..\..\..\Components\mac\low_level\srf04\single_chi #
#                          p\ -I D:\Router_Node\ZStack-2.5.1a\Projects\zstack #
#                          \Samples\SampleApp\CC2530DB\..\..\..\..\..\Compone #
#                          nts\mt\ -I D:\Router_Node\ZStack-2.5.1a\Projects\z #
#                          stack\Samples\SampleApp\CC2530DB\..\..\..\..\..\Co #
#                          mponents\osal\include\ -I                          #
#                          D:\Router_Node\ZStack-2.5.1a\Projects\zstack\Sampl #
#                          es\SampleApp\CC2530DB\..\..\..\..\..\Components\se #
#                          rvices\saddr\ -I D:\Router_Node\ZStack-2.5.1a\Proj #
#                          ects\zstack\Samples\SampleApp\CC2530DB\..\..\..\.. #
#                          \..\Components\services\sdata\ -I                  #
#                          D:\Router_Node\ZStack-2.5.1a\Projects\zstack\Sampl #
#                          es\SampleApp\CC2530DB\..\..\..\..\..\Components\st #
#                          ack\af\ -I D:\Router_Node\ZStack-2.5.1a\Projects\z #
#                          stack\Samples\SampleApp\CC2530DB\..\..\..\..\..\Co #
#                          mponents\stack\nwk\ -I D:\Router_Node\ZStack-2.5.1 #
#                          a\Projects\zstack\Samples\SampleApp\CC2530DB\..\.. #
#                          \..\..\..\Components\stack\sapi\ -I                #
#                          D:\Router_Node\ZStack-2.5.1a\Projects\zstack\Sampl #
#                          es\SampleApp\CC2530DB\..\..\..\..\..\Components\st #
#                          ack\sec\ -I D:\Router_Node\ZStack-2.5.1a\Projects\ #
#                          zstack\Samples\SampleApp\CC2530DB\..\..\..\..\..\C #
#                          omponents\stack\sys\ -I D:\Router_Node\ZStack-2.5. #
#                          1a\Projects\zstack\Samples\SampleApp\CC2530DB\..\. #
#                          .\..\..\..\Components\stack\zdo\ -I                #
#                          D:\Router_Node\ZStack-2.5.1a\Projects\zstack\Sampl #
#                          es\SampleApp\CC2530DB\..\..\..\..\..\Components\zm #
#                          ac\ -I D:\Router_Node\ZStack-2.5.1a\Projects\zstac #
#                          k\Samples\SampleApp\CC2530DB\..\..\..\..\..\Compon #
#                          ents\zmac\f8w\ -Ohz                                #
#    List file          =  D:\Router_Node\ZStack-2.5.1a\Projects\zstack\Sampl #
#                          es\SampleApp\CC2530DB\RouterEB\List\Sensor_ADC.lst #
#    Object file        =  D:\Router_Node\ZStack-2.5.1a\Projects\zstack\Sampl #
#                          es\SampleApp\CC2530DB\RouterEB\Obj\Sensor_ADC.r51  #
#                                                                             #
#                                                                             #
###############################################################################

D:\Router_Node\ZStack-2.5.1a\Projects\zstack\Samples\SampleApp\Source\Sensor_ADC.c
      1          #include "Sensor_ADC.h"

   \                                 In  segment SFR_AN, at 0xb4
   \   unsigned char volatile __sfr ADCCON1
   \                     ADCCON1:
   \   000000                DS 1

   \                                 In  segment SFR_AN, at 0xb6
   \   unsigned char volatile __sfr ADCCON3
   \                     ADCCON3:
   \   000000                DS 1

   \                                 In  segment SFR_AN, at 0xba
   \   unsigned char volatile __sfr ADCL
   \                     ADCL:
   \   000000                DS 1

   \                                 In  segment SFR_AN, at 0xbb
   \   unsigned char volatile __sfr ADCH
   \                     ADCH:
   \   000000                DS 1

   \                                 In  segment SFR_AN, at 0xf3
   \   unsigned char volatile __sfr P0SEL
   \                     P0SEL:
   \   000000                DS 1

   \                                 In  segment SFR_AN, at 0xfd
   \   unsigned char volatile __sfr P0DIR
   \                     P0DIR:
   \   000000                DS 1
      2          

   \                                 In  segment BANKED_CODE, align 1, keep-with-next
      3          void ADC_Init(void)
   \                     ADC_Init:
      4          {
   \   000000                ; Saved register size: 0
   \   000000                ; Auto size: 0
      5              P0SEL |= 0x70;   // P0_4,P0_5,P0_6 设为外设功能
   \   000000   43F370       ORL     0xf3,#0x70
      6              P0DIR &= ~0x70;  // 输入
   \   000003   53FD8F       ANL     0xfd,#0x8f
      7          }
   \   000006   02....       LJMP    ?BRET
   \   000009                REQUIRE P0SEL
   \   000009                REQUIRE P0DIR
      8          

   \                                 In  segment BANKED_CODE, align 1, keep-with-next
      9          uint16 ADC_Read(uint8 channel)
   \                     ADC_Read:
     10          {
   \   000000   C0..         PUSH    ?V0 + 0
   \   000002   C0..         PUSH    ?V0 + 1
   \   000004                ; Saved register size: 2
   \   000004                ; Auto size: 0
     11              uint16 value;
     12              while (ADCCON1 & 0x80);               // 等待空闲
   \                     ??ADC_Read_0:
   \   000004   E5B4         MOV     A,0xb4
   \   000006   A2E7         MOV     C,0xE0 /* A   */.7
   \   000008   40FA         JC      ??ADC_Read_0
     13              ADCCON3 = (0x30) | (channel & 0x07); // 启动转换
   \   00000A   7407         MOV     A,#0x7
   \   00000C   59           ANL     A,R1
   \   00000D   4430         ORL     A,#0x30
   \   00000F   F5B6         MOV     0xb6,A
     14              while (!(ADCCON1 & 0x80));            // 等待完成
   \                     ??ADC_Read_1:
   \   000011   E5B4         MOV     A,0xb4
   \   000013   A2E7         MOV     C,0xE0 /* A   */.7
   \   000015   50FA         JNC     ??ADC_Read_1
     15              value = ADCL >> 4;
   \   000017   E5BA         MOV     A,0xba
     16              value |= (((uint16)ADCH) << 4);
     17              return value;
   \   000019   C4           SWAP    A
   \   00001A   540F         ANL     A,#0xf
   \   00001C   FA           MOV     R2,A
   \   00001D   85BB..       MOV     ?V0 + 0,0xbb
   \   000020   75..00       MOV     ?V0 + 1,#0x0
   \   000023   7404         MOV     A,#0x4
   \   000025   78..         MOV     R0,#?V0 + 0
   \   000027   12....       LCALL   ?S_SHL
   \   00002A   EA           MOV     A,R2
   \   00002B   45..         ORL     A,?V0 + 0
   \   00002D   FA           MOV     R2,A
   \   00002E   AB..         MOV     R3,?V0 + 1
   \   000030   D0..         POP     ?V0 + 1
   \   000032   D0..         POP     ?V0 + 0
   \   000034   02....       LJMP    ?BRET
   \   000037                REQUIRE ADCCON1
   \   000037                REQUIRE ADCCON3
   \   000037                REQUIRE ADCL
   \   000037                REQUIRE ADCH
     18          }

   \                                 In  segment BANK_RELAYS, align 1
   \                     ??ADC_Init?relay:
   \   000000   12....       LCALL   ?BDISPATCH
   \   000003   ......       DC24    ADC_Init

   \                                 In  segment BANK_RELAYS, align 1
   \                     ??ADC_Read?relay:
   \   000000   12....       LCALL   ?BDISPATCH
   \   000003   ......       DC24    ADC_Read

   Maximum stack usage in bytes:

     Function ISTACK PSTACK XSTACK
     -------- ------ ------ ------
     ADC_Init     0      0      0
     ADC_Read     2      0      0


   Segment part sizes:

     Function/Label   Bytes
     --------------   -----
     ADCCON1             1
     ADCCON3             1
     ADCL                1
     ADCH                1
     P0SEL               1
     P0DIR               1
     ADC_Init            9
     ADC_Read           55
     ??ADC_Init?relay    6
     ??ADC_Read?relay    6

 
 64 bytes in segment BANKED_CODE
 12 bytes in segment BANK_RELAYS
  6 bytes in segment SFR_AN
 
 76 bytes of CODE memory
  0 bytes of DATA memory (+ 6 bytes shared)

Errors: none
Warnings: none
